// Jest Snapshot v1, https://goo.gl/fbAQLP

exports[`Info Component renders correctly 1`] = `
<div>
  <h3>
    GitHub User Info
  </h3>
  <ul />
</div>
`;

exports[`List Component renders correctly 1`] = `
<div>
  <h3>
    GitHub User Info
  </h3>
  <ul />
</div>
`;
